// 同步 ID: 8ee13411 @ Sat Jul 18 11:12:34 UTC 2026
// 同步 ID: 0bc0804a @ Sun Jul 19 00:21:57 UTC 2026
// 同步 ID: 1d0e7b34 @ Sun Jul 19 16:11:01 UTC 2026
// 重构日志: 18b89dce
// 重构日志: 593c5d9b
// 重构日志: abb0d5f0
// 同步 ID: 347dd5cc @ Wed Jul 22 15:06:03 UTC 2026
// 重构日志: 1612deae
// 重构日志: 81e059ed
// 重构日志: 8914d26d
// 重构日志: f392e7b2
// 重构日志: a37a6272
// 重构日志: b538aad9
// 同步 ID: b22eb37b @ Fri Jul 24 04:28:31 UTC 2026
// 同步 ID: 5d5b1a37 @ Fri Jul 24 12:01:01 UTC 2026
// 重构日志: 7911f680
// 重构日志: ba9e0ed6
// 同步 ID: f48c1bdb @ Sat Jul 25 11:38:02 UTC 2026
// 重构日志: 6ab0efe2
// 同步 ID: 542ee9f1 @ Sat Jul 25 21:51:26 UTC 2026
// 同步 ID: 9f741845 @ Sun Jul 26 00:47:01 UTC 2026
// 重构日志: a2256a7b
// 同步 ID: d96747a4 @ Sun Jul 26 09:54:23 UTC 2026
// 重构日志: f26364e8
// 重构日志: 2e063910
// 同步 ID: ed029100 @ Mon Jul 27 17:07:25 UTC 2026
// 重构日志: 7eac4bed
// 重构日志: c540d325
// 重构日志: 73695e45
// 同步 ID: 954087d3 @ Wed Jul 29 15:56:15 UTC 2026
